javac : warning: [options] system modules path not set in conjunction with -source 11
No linha:1 caractere:1
+ javac -d out -cp "lib/*" src\wepayu\facade\PayrollFacade.java src\wep ...
+ ~~~~~~~~~~~~~~~~~~~~~~~~~~~~~~~~~~~~~~~~~~~~~~~~~~~~~~~~~~~~~~~~~~~~~
    + CategoryInfo          : NotSpecified: (warning: [optio...with -source 11:String) [], RemoteException
    + FullyQualifiedErrorId : NativeCommandError
 
src\wepayu\facade\PayrollFacade.java:9: error: package wepayu.service.exceptions does not exist
import wepayu.service.exceptions.*;
^
src\wepayu\service\CommandManager.java:6: error: cannot find symbol
    private static Stack<Command> undoStack = new Stack<>();
                         ^
  symbol:   class Command
  location: class CommandManager
src\wepayu\service\CommandManager.java:7: error: cannot find symbol
    private static Stack<Command> redoStack = new Stack<>();
                         ^
  symbol:   class Command
  location: class CommandManager
src\wepayu\service\CommandManager.java:9: error: cannot find symbol
    public static void executeCommand(Command cmd) {
                                      ^
  symbol:   class Command
  location: class CommandManager
src\wepayu\service\AddEmployeeCommand.java:5: error: cannot find symbol
public class AddEmployeeCommand implements Command {
                                           ^
  symbol: class Command
src\wepayu\service\RemoveEmployeeCommand.java:5: error: cannot find symbol
public class RemoveEmployeeCommand implements Command {
                                              ^
  symbol: class Command
src\wepayu\facade\PayrollFacade.java:37: error: cannot find symbol
            throw new InvalidDataException("Identificacao do membro nao pode ser nula.");
                      ^
  symbol:   class InvalidDataException
  location: class PayrollFacade
src\wepayu\facade\PayrollFacade.java:39: error: cannot find symbol
            throw new InvalidDataException("Data invalida.");
                      ^
  symbol:   class InvalidDataException
  location: class PayrollFacade
src\wepayu\facade\PayrollFacade.java:41: error: cannot find symbol
        if (d <= 0) throw new InvalidDataException("Valor deve ser positivo.");
                              ^
  symbol:   class InvalidDataException
  location: class PayrollFacade
src\wepayu\facade\PayrollFacade.java:52: error: cannot find symbol
        if (id == null || id.isBlank()) throw new InvalidDataException("Identificacao do empregado nao pode ser nula.");
                                                  ^
  symbol:   class InvalidDataException
  location: class PayrollFacade
src\wepayu\facade\PayrollFacade.java:53: error: cannot find symbol
        if (!wepayu.util.DateUtils.isValidDate(dataInicial)) throw new InvalidDataException("Data inicial invalida.");
                                                                       ^
  symbol:   class InvalidDataException
  location: class PayrollFacade
src\wepayu\facade\PayrollFacade.java:54: error: cannot find symbol
        if (!wepayu.util.DateUtils.isValidDate(dataFinal)) throw new InvalidDataException("Data final invalida.");
                                                                     ^
  symbol:   class InvalidDataException
  location: class PayrollFacade
src\wepayu\facade\PayrollFacade.java:55: error: cannot find symbol
        if (wepayu.util.DateUtils.compareDates(dataInicial, dataFinal) > 0) throw new InvalidDataException("Data inicial nao pode ser posterior aa data 
final.");
                                                                                      ^
  symbol:   class InvalidDataException
  location: class PayrollFacade
src\wepayu\facade\PayrollFacade.java:57: error: cannot find symbol
        if (e == null) throw new EmployeeNotFoundException("Empregado nao existe.");
                                 ^
  symbol:   class EmployeeNotFoundException
  location: class PayrollFacade
src\wepayu\facade\PayrollFacade.java:58: error: cannot find symbol
        if (e.getUnionMembership() == null) throw new InvalidDataException("Empregado nao eh sindicalizado.");
                                                      ^
  symbol:   class InvalidDataException
  location: class PayrollFacade
src\wepayu\facade\PayrollFacade.java:83: error: cannot find symbol
        if (id == null || id.isBlank()) throw new InvalidDataException("Identificacao do empregado nao pode ser nula.");
                                                  ^
  symbol:   class InvalidDataException
  location: class PayrollFacade
src\wepayu\facade\PayrollFacade.java:84: error: cannot find symbol
        if (atributo == null || !"sindicalizado".equalsIgnoreCase(atributo)) throw new InvalidDataException("Atributo nao existe.");
                                                                                       ^
  symbol:   class InvalidDataException
  location: class PayrollFacade
src\wepayu\facade\PayrollFacade.java:86: error: cannot find symbol
        if (e == null) throw new EmployeeNotFoundException("Empregado nao existe.");
                                 ^
  symbol:   class EmployeeNotFoundException
  location: class PayrollFacade
src\wepayu\facade\PayrollFacade.java:88: error: cannot find symbol
            if (idSindicato == null || idSindicato.isBlank()) throw new InvalidDataException("Identificacao do sindicato nao pode ser nula.");
                                                                        ^
  symbol:   class InvalidDataException
  location: class PayrollFacade
src\wepayu\facade\PayrollFacade.java:89: error: cannot find symbol
            if (taxaSindical == null || taxaSindical.isBlank()) throw new InvalidDataException("Taxa sindical nao pode ser nula.");
                                                                          ^
  symbol:   class InvalidDataException
  location: class PayrollFacade
src\wepayu\facade\PayrollFacade.java:94: error: cannot find symbol
                throw new InvalidDataException("Taxa sindical deve ser numerica.");
                          ^
  symbol:   class InvalidDataException
  location: class PayrollFacade
src\wepayu\facade\PayrollFacade.java:96: error: cannot find symbol
            if (taxa < 0) throw new InvalidDataException("Taxa sindical deve ser nao-negativa.");
                                    ^
  symbol:   class InvalidDataException
  location: class PayrollFacade
src\wepayu\facade\PayrollFacade.java:99: error: cannot find symbol
                    throw new InvalidDataException("Ha outro empregado com esta identificacao de sindicato");
                              ^
  symbol:   class InvalidDataException
  location: class PayrollFacade
src\wepayu\facade\PayrollFacade.java:106: error: cannot find symbol
            throw new InvalidDataException("Valor deve ser true ou false.");
                      ^
  symbol:   class InvalidDataException
  location: class PayrollFacade
src\wepayu\facade\PayrollFacade.java:117: error: cannot find symbol
        if (id == null || id.isBlank()) throw new InvalidDataException("Identificacao do empregado nao pode ser nula.");
                                                  ^
  symbol:   class InvalidDataException
  location: class PayrollFacade
src\wepayu\facade\PayrollFacade.java:118: error: cannot find symbol
        if (!wepayu.util.DateUtils.isValidDate(dataInicial)) throw new InvalidDataException("Data inicial invalida.");
                                                                       ^
  symbol:   class InvalidDataException
  location: class PayrollFacade
src\wepayu\facade\PayrollFacade.java:119: error: cannot find symbol
        if (!wepayu.util.DateUtils.isValidDate(dataFinal)) throw new InvalidDataException("Data final invalida.");
                                                                     ^
  symbol:   class InvalidDataException
  location: class PayrollFacade
src\wepayu\facade\PayrollFacade.java:120: error: cannot find symbol
        if (wepayu.util.DateUtils.compareDates(dataInicial, dataFinal) > 0) throw new InvalidDataException("Data inicial nao pode ser posterior aa data 
final.");
                                                                                      ^
  symbol:   class InvalidDataException
  location: class PayrollFacade
src\wepayu\facade\PayrollFacade.java:122: error: cannot find symbol
        if (e == null) throw new EmployeeNotFoundException("Empregado nao existe.");
                                 ^
  symbol:   class EmployeeNotFoundException
  location: class PayrollFacade
src\wepayu\facade\PayrollFacade.java:123: error: cannot find symbol
        if (!(e instanceof CommissionedEmployee)) throw new InvalidDataException("Empregado nao eh comissionado.");
                                                            ^
  symbol:   class InvalidDataException
  location: class PayrollFacade
src\wepayu\facade\PayrollFacade.java:148: error: cannot find symbol
        if (id == null || id.isBlank()) throw new InvalidDataException("Identificacao do empregado nao pode ser nula.");
                                                  ^
  symbol:   class InvalidDataException
  location: class PayrollFacade
src\wepayu\facade\PayrollFacade.java:150: error: cannot find symbol
        if (e == null) throw new EmployeeNotFoundException("Empregado nao existe.");
                                 ^
  symbol:   class EmployeeNotFoundException
  location: class PayrollFacade
src\wepayu\facade\PayrollFacade.java:151: error: cannot find symbol
        if (!(e instanceof HourlyEmployee)) throw new InvalidDataException("Tipo nao aplicavel.");
                                                      ^
  symbol:   class InvalidDataException
  location: class PayrollFacade
src\wepayu\facade\PayrollFacade.java:173: error: cannot find symbol
            if (id == null || id.isBlank()) throw new InvalidDataException("Identificacao do empregado nao pode ser nula.");
                                                      ^
  symbol:   class InvalidDataException
  location: class PayrollFacade
src\wepayu\facade\PayrollFacade.java:174: error: cannot find symbol
            if (!wepayu.util.DateUtils.isValidDate(dataInicial)) throw new InvalidDataException("Data inicial invalida.");
                                                                           ^
  symbol:   class InvalidDataException
  location: class PayrollFacade
src\wepayu\facade\PayrollFacade.java:175: error: cannot find symbol
            if (!wepayu.util.DateUtils.isValidDate(dataFinal)) throw new InvalidDataException("Data final invalida.");
                                                                         ^
  symbol:   class InvalidDataException
  location: class PayrollFacade
src\wepayu\facade\PayrollFacade.java:176: error: cannot find symbol
            if (wepayu.util.DateUtils.compareDates(dataInicial, dataFinal) > 0) throw new InvalidDataException("Data inicial nao pode ser posterior aa data 
final.");
                                                                                          ^
  symbol:   class InvalidDataException
  location: class PayrollFacade
src\wepayu\facade\PayrollFacade.java:178: error: cannot find symbol
            if (e == null) throw new EmployeeNotFoundException("Empregado nao existe.");
                                     ^
  symbol:   class EmployeeNotFoundException
  location: class PayrollFacade
src\wepayu\facade\PayrollFacade.java:179: error: cannot find symbol
            if (!(e instanceof HourlyEmployee)) throw new InvalidDataException("Empregado nao eh horista.");
                                                          ^
  symbol:   class InvalidDataException
  location: class PayrollFacade
src\wepayu\facade\PayrollFacade.java:204: error: cannot find symbol
        if (nome == null || nome.isBlank()) throw new InvalidDataException("Nome nao pode ser nulo.");
                                                      ^
  symbol:   class InvalidDataException
  location: class PayrollFacade
src\wepayu\facade\PayrollFacade.java:205: error: cannot find symbol
        if (endereco == null || endereco.isBlank()) throw new InvalidDataException("Endereco nao pode ser nulo.");
                                                              ^
  symbol:   class InvalidDataException
  location: class PayrollFacade
src\wepayu\facade\PayrollFacade.java:206: error: cannot find symbol
        if (tipo == null || tipo.isBlank()) throw new InvalidDataException("Tipo invalido.");
                                                      ^
  symbol:   class InvalidDataException
  location: class PayrollFacade
src\wepayu\facade\PayrollFacade.java:207: error: cannot find symbol
        if (salarioStr == null || salarioStr.isBlank()) throw new InvalidDataException("Salario nao pode ser nulo.");
                                                                  ^
  symbol:   class InvalidDataException
  location: class PayrollFacade
src\wepayu\facade\PayrollFacade.java:213: error: cannot find symbol
            throw new InvalidDataException("Salario deve ser numerico.");
                      ^
  symbol:   class InvalidDataException
  location: class PayrollFacade
src\wepayu\facade\PayrollFacade.java:215: error: cannot find symbol
        if (salario < 0) throw new InvalidDataException("Salario deve ser nao-negativo.");
                                   ^
  symbol:   class InvalidDataException
  location: class PayrollFacade
src\wepayu\facade\PayrollFacade.java:220: error: cannot find symbol
                if (comissaoStr != null) throw new InvalidDataException("Tipo nao aplicavel.");
                                                   ^
  symbol:   class InvalidDataException
  location: class PayrollFacade
src\wepayu\facade\PayrollFacade.java:224: error: cannot find symbol
                if (comissaoStr != null) throw new InvalidDataException("Tipo nao aplicavel.");
                                                   ^
  symbol:   class InvalidDataException
  location: class PayrollFacade
src\wepayu\facade\PayrollFacade.java:229: error: cannot find symbol
                    throw new InvalidDataException("Tipo nao aplicavel.");
                              ^
  symbol:   class InvalidDataException
  location: class PayrollFacade
src\wepayu\facade\PayrollFacade.java:232: error: cannot find symbol
                    throw new InvalidDataException("Comissao nao pode ser nula.");
                              ^
  symbol:   class InvalidDataException
  location: class PayrollFacade
src\wepayu\facade\PayrollFacade.java:238: error: cannot find symbol
                    throw new InvalidDataException("Comissao deve ser numerica.");
                              ^
  symbol:   class InvalidDataException
  location: class PayrollFacade
src\wepayu\facade\PayrollFacade.java:240: error: cannot find symbol
                if (comissao < 0) throw new InvalidDataException("Comissao deve ser nao-negativa.");
                                            ^
  symbol:   class InvalidDataException
  location: class PayrollFacade
src\wepayu\facade\PayrollFacade.java:244: error: cannot find symbol
                throw new InvalidDataException("Tipo invalido.");
                          ^
  symbol:   class InvalidDataException
  location: class PayrollFacade
src\wepayu\facade\PayrollFacade.java:254: error: cannot find symbol
            throw new InvalidDataException("Identificacao do empregado nao pode ser nula.");
                      ^
  symbol:   class InvalidDataException
  location: class PayrollFacade
src\wepayu\facade\PayrollFacade.java:257: error: cannot find symbol
            throw new EmployeeNotFoundException("Empregado nao existe.");
                      ^
  symbol:   class EmployeeNotFoundException
  location: class PayrollFacade
src\wepayu\facade\PayrollFacade.java:265: error: cannot find symbol
            throw new InvalidDataException("Identificacao do empregado nao pode ser nula.");
                      ^
  symbol:   class InvalidDataException
  location: class PayrollFacade
src\wepayu\facade\PayrollFacade.java:269: error: cannot find symbol
            throw new EmployeeNotFoundException("Empregado nao existe.");
                      ^
  symbol:   class EmployeeNotFoundException
  location: class PayrollFacade
src\wepayu\facade\PayrollFacade.java:274: error: cannot find symbol
                if (valor1 == null || valor1.isBlank()) throw new InvalidDataException("Nome nao pode ser nulo.");
                                                                  ^
  symbol:   class InvalidDataException
  location: class PayrollFacade
src\wepayu\facade\PayrollFacade.java:278: error: cannot find symbol
                if (valor1 == null || valor1.isBlank()) throw new InvalidDataException("Endereco nao pode ser nulo.");
                                                                  ^
  symbol:   class InvalidDataException
  location: class PayrollFacade
src\wepayu\facade\PayrollFacade.java:282: error: cannot find symbol
                if (valor1 == null) throw new InvalidDataException("Metodo de pagamento invalido.");
                                              ^
  symbol:   class InvalidDataException
  location: class PayrollFacade
src\wepayu\facade\PayrollFacade.java:285: error: cannot find symbol
                    throw new InvalidDataException("Metodo de pagamento invalido.");
                              ^
  symbol:   class InvalidDataException
  location: class PayrollFacade
src\wepayu\facade\PayrollFacade.java:291: error: cannot find symbol
                    throw new InvalidDataException("Metodo de pagamento invalido.");
                              ^
  symbol:   class InvalidDataException
  location: class PayrollFacade
src\wepayu\facade\PayrollFacade.java:295: error: cannot find symbol
                if (valor1 == null) throw new InvalidDataException("Valor deve ser true ou false.");
                                              ^
  symbol:   class InvalidDataException
  location: class PayrollFacade
src\wepayu\facade\PayrollFacade.java:299: error: cannot find symbol
                    throw new InvalidDataException("Identificacao do sindicato nao pode ser nula.");
                              ^
  symbol:   class InvalidDataException
  location: class PayrollFacade
src\wepayu\facade\PayrollFacade.java:301: error: cannot find symbol
                    throw new InvalidDataException("Valor deve ser true ou false.");
                              ^
  symbol:   class InvalidDataException
  location: class PayrollFacade
src\wepayu\facade\PayrollFacade.java:305: error: cannot find symbol
                if (valor1 == null || valor1.isBlank()) throw new InvalidDataException("Tipo invalido.");
                                                                  ^
  symbol:   class InvalidDataException
  location: class PayrollFacade
src\wepayu\facade\PayrollFacade.java:322: error: cannot find symbol
                        throw new InvalidDataException("Tipo invalido.");
                                  ^
  symbol:   class InvalidDataException
  location: class PayrollFacade
src\wepayu\facade\PayrollFacade.java:324: error: cannot find symbol
                        throw new InvalidDataException("Tipo invalido.");
                                  ^
  symbol:   class InvalidDataException
  location: class PayrollFacade
src\wepayu\facade\PayrollFacade.java:330: error: cannot find symbol
                if (valor1 == null || valor1.isBlank()) throw new InvalidDataException("Agenda invalida.");
                                                                  ^
  symbol:   class InvalidDataException
  location: class PayrollFacade
src\wepayu\facade\PayrollFacade.java:342: error: cannot find symbol
                if (!found) throw new InvalidDataException("Agenda de pagamento nao esta disponivel");
                                      ^
  symbol:   class InvalidDataException
  location: class PayrollFacade
src\wepayu\facade\PayrollFacade.java:346: error: cannot find symbol
                if (valor1 == null || valor1.isBlank()) throw new InvalidDataException("Salario nao pode ser nulo.");
                                                                  ^
  symbol:   class InvalidDataException
  location: class PayrollFacade
src\wepayu\facade\PayrollFacade.java:348: error: cannot find symbol
                try { salario = Double.parseDouble(valor1.replace(",",".")); } catch (Exception ex) { throw new InvalidDataException("Salario deve ser 
numerico."); }
                                                                                                                ^
  symbol:   class InvalidDataException
  location: class PayrollFacade
src\wepayu\facade\PayrollFacade.java:349: error: cannot find symbol
                if (salario < 0) throw new InvalidDataException("Salario deve ser nao-negativo.");
                                           ^
  symbol:   class InvalidDataException
  location: class PayrollFacade
src\wepayu\facade\PayrollFacade.java:361: error: cannot find symbol
                if (!(e instanceof CommissionedEmployee)) throw new InvalidDataException("Empregado nao eh comissionado.");
                                                                    ^
  symbol:   class InvalidDataException
  location: class PayrollFacade
src\wepayu\facade\PayrollFacade.java:362: error: cannot find symbol
                if (valor1 == null || valor1.isBlank()) throw new InvalidDataException("Comissao nao pode ser nula.");
                                                                  ^
  symbol:   class InvalidDataException
  location: class PayrollFacade
src\wepayu\facade\PayrollFacade.java:364: error: cannot find symbol
                try { commission = Double.parseDouble(valor1.replace(",",".")); } catch (Exception ex) { throw new InvalidDataException("Comissao deve ser 
numerica."); }
                                                                                                                   ^
  symbol:   class InvalidDataException
  location: class PayrollFacade
src\wepayu\facade\PayrollFacade.java:365: error: cannot find symbol
                if (commission < 0) throw new InvalidDataException("Comissao deve ser nao-negativa.");
                                              ^
  symbol:   class InvalidDataException
  location: class PayrollFacade
src\wepayu\facade\PayrollFacade.java:369: error: cannot find symbol
                throw new InvalidDataException("Atributo nao existe.");
                          ^
  symbol:   class InvalidDataException
  location: class PayrollFacade
src\wepayu\facade\PayrollFacade.java:376: error: cannot find symbol
            throw new InvalidDataException("Identificacao do empregado nao pode ser nula.");
                      ^
  symbol:   class InvalidDataException
  location: class PayrollFacade
src\wepayu\facade\PayrollFacade.java:380: error: cannot find symbol
            throw new EmployeeNotFoundException("Empregado nao existe.");
                      ^
  symbol:   class EmployeeNotFoundException
  location: class PayrollFacade
src\wepayu\facade\PayrollFacade.java:389: error: cannot find symbol
        if (valor1 == null) throw new InvalidDataException("Metodo de pagamento invalido.");
                                      ^
  symbol:   class InvalidDataException
  location: class PayrollFacade
src\wepayu\facade\PayrollFacade.java:397: error: cannot find symbol
        if (banco == null || banco.isBlank()) throw new InvalidDataException("Banco nao pode ser nulo.");
                                                        ^
  symbol:   class InvalidDataException
  location: class PayrollFacade
src\wepayu\facade\PayrollFacade.java:398: error: cannot find symbol
        if (agencia == null || agencia.isBlank()) throw new InvalidDataException("Agencia nao pode ser nulo.");
                                                            ^
  symbol:   class InvalidDataException
  location: class PayrollFacade
src\wepayu\facade\PayrollFacade.java:399: error: cannot find symbol
        if (contaCorrente == null || contaCorrente.isBlank()) throw new InvalidDataException("Conta corrente nao pode ser nulo.");
                                                                        ^
  symbol:   class InvalidDataException
  location: class PayrollFacade
src\wepayu\facade\PayrollFacade.java:410: error: cannot find symbol
            throw new InvalidDataException("Identificacao do empregado nao pode ser nula.");
                      ^
  symbol:   class InvalidDataException
  location: class PayrollFacade
src\wepayu\facade\PayrollFacade.java:414: error: cannot find symbol
            throw new EmployeeNotFoundException("Empregado nao existe.");
                      ^
  symbol:   class EmployeeNotFoundException
  location: class PayrollFacade
src\wepayu\facade\PayrollFacade.java:418: error: cannot find symbol
            if (valor1 == null || valor1.isBlank()) throw new InvalidDataException("Tipo invalido.");
                                                              ^
  symbol:   class InvalidDataException
  location: class PayrollFacade
src\wepayu\facade\PayrollFacade.java:423: error: cannot find symbol
                    try { hrRate = Double.parseDouble(extra1.replace(",",".")); } catch (Exception ex) { throw new InvalidDataException("Salario deve ser 
numerico."); }
                                                                                                                   ^
  symbol:   class InvalidDataException
  location: class PayrollFacade
src\wepayu\facade\PayrollFacade.java:424: error: cannot find symbol
                    if (hrRate < 0) throw new InvalidDataException("Salario deve ser nao-negativo.");
                                              ^
  symbol:   class InvalidDataException
  location: class PayrollFacade
src\wepayu\facade\PayrollFacade.java:432: error: cannot find symbol
                    try { sal = Double.parseDouble(extra1.replace(",",".")); } catch (Exception ex) { throw new InvalidDataException("Salario deve ser 
numerico."); }
                                                                                                                ^
  symbol:   class InvalidDataException
  location: class PayrollFacade
src\wepayu\facade\PayrollFacade.java:433: error: cannot find symbol
                    if (sal < 0) throw new InvalidDataException("Salario deve ser nao-negativo.");
                                           ^
  symbol:   class InvalidDataException
  location: class PayrollFacade
src\wepayu\facade\PayrollFacade.java:441: error: cannot find symbol
                    if (extra1 == null || extra1.isBlank()) throw new InvalidDataException("Comissao nao pode ser nula.");
                                                                      ^
  symbol:   class InvalidDataException
  location: class PayrollFacade
src\wepayu\facade\PayrollFacade.java:443: error: cannot find symbol
                    try { com = Double.parseDouble(extra1.replace(",",".")); } catch (Exception ex) { throw new InvalidDataException("Comissao deve ser 
numerica."); }
                                                                                                                ^
  symbol:   class InvalidDataException
  location: class PayrollFacade
src\wepayu\facade\PayrollFacade.java:444: error: cannot find symbol
                    if (com < 0) throw new InvalidDataException("Comissao deve ser nao-negativa.");
                                           ^
  symbol:   class InvalidDataException
  location: class PayrollFacade
src\wepayu\facade\PayrollFacade.java:454: error: cannot find symbol
                    throw new InvalidDataException("Tipo invalido.");
                              ^
  symbol:   class InvalidDataException
  location: class PayrollFacade
src\wepayu\facade\PayrollFacade.java:460: error: cannot find symbol
            if (valor1 == null || valor1.isBlank()) throw new InvalidDataException("Salario nao pode ser nulo.");
                                                              ^
  symbol:   class InvalidDataException
  location: class PayrollFacade
src\wepayu\facade\PayrollFacade.java:462: error: cannot find symbol
            try { salario = Double.parseDouble(valor1.replace(",",".")); } catch (Exception ex) { throw new InvalidDataException("Salario deve ser 
numerico."); }
                                                                                                            ^
  symbol:   class InvalidDataException
  location: class PayrollFacade
src\wepayu\facade\PayrollFacade.java:463: error: cannot find symbol
            if (salario < 0) throw new InvalidDataException("Salario deve ser nao-negativo.");
                                       ^
  symbol:   class InvalidDataException
  location: class PayrollFacade
src\wepayu\facade\PayrollFacade.java:479: error: cannot find symbol
            if (!(e instanceof CommissionedEmployee)) throw new InvalidDataException("Empregado nao eh comissionado.");
                                                                ^
  symbol:   class InvalidDataException
  location: class PayrollFacade
src\wepayu\facade\PayrollFacade.java:480: error: cannot find symbol
            if (valor1 == null || valor1.isBlank()) throw new InvalidDataException("Comissao nao pode ser nula.");
                                                              ^
  symbol:   class InvalidDataException
  location: class PayrollFacade
src\wepayu\facade\PayrollFacade.java:482: error: cannot find symbol
            try { commission = Double.parseDouble(valor1.replace(",",".")); } catch (Exception ex) { throw new InvalidDataException("Comissao deve ser 
numerica."); }
                                                                                                               ^
  symbol:   class InvalidDataException
  location: class PayrollFacade
100 errors
1 warning
only showing the first 100 errors, of 154 total; use -Xmaxerrs if you would like to see more
